# Palari CI Evidence

- Ticket: POS-0080
- Base ref: local working tree
- Created: 2026-06-15T14:26:38Z

## scope-check

```text
scope-check: ok for POS-0080 (16 changed path(s))
```

## lint

```text
report-lint: ok for POS-0080
lint: ok for POS-0080
```

## verification 1

Command: `./bin/palari outcome lint`

```text
outcome lint: ok
```

## verification 2

Command: `./tests/run-outcomes.sh`

```text
outcomes: ok
```

## verification 3

Command: `./tests/run-policy-candidates.sh`

```text
policy-candidates: ok
```
