# Palari CI Evidence

- Ticket: DSH-0001
- Base ref: ticket/SNP-0001
- Created: 2026-06-14T23:35:11Z

## scope-check

```text
scope-check: ok for DSH-0001 (9 changed path(s))
```

## lint

```text
report-lint: ok for DSH-0001
lint: ok for DSH-0001
```

## verification 1

Command: `./tests/run-dashboard-rubric.sh`

```text
dashboard-rubric: ok (structure, custody surface, contrast both themes, snapshot contract)
```

## verification 2

Command: `./bin/palari web --check >/tmp/palari-web-check.json`

```text

```
