# Palari CI Evidence

- Ticket: POS-0075
- Base ref: local working tree
- Created: 2026-06-16T07:05:08Z

## scope-check

```text
scope-check: ok for POS-0075 (4 changed path(s))
```

## lint

```text
report-lint: ok for POS-0075
lint: ok for POS-0075
```

## verification 1

Command: `./tests/run-human-governance-load.sh`

```text
human-governance-load: ok
```

## verification 2

Command: `./tests/run-workflow-planning.sh`

```text
workflow-planning: ok
```

## verification 3

Command: `./tests/run-policy-simulation.sh`

```text
policy-simulation: ok
```

## verification 4

Command: `./tests/run-policy-candidates.sh`

```text
policy-candidates: ok
```
