# Palari CI Evidence

- Ticket: POS-0023
- Base ref: origin/main
- Created: 2026-06-09T12:56:58Z

## scope-check

```text
scope-check: ok for POS-0023 (0 changed path(s))
```

## lint

```text
report-lint: ok for POS-0023
lint: ok for POS-0023
```

## verification 1

Command: `test -f research/research-claims-review.md`

```text

```

## verification 2

Command: `grep -q 'Unsupported claims' research/research-claims-review.md`

```text

```

## verification 3

Command: `grep -q 'Human acceptance' research/research-claims-review.md`

```text

```

## verification 4

Command: `./bin/palari role lint`

```text
role lint: ok
```
