# Palari CI Evidence

- Ticket: POS-0021
- Base ref: origin/main
- Created: 2026-06-09T12:22:06Z

## scope-check

```text
scope-check: ok for POS-0021 (0 changed path(s))
```

## lint

```text
report-lint: ok for POS-0021
lint: ok for POS-0021
```

## verification 1

Command: `test -f research/benchmark-task-suite.md`

```text

```

## verification 2

Command: `grep -q 'Baseline workflow' research/benchmark-task-suite.md`

```text

```

## verification 3

Command: `grep -q 'Palari-governed workflow' research/benchmark-task-suite.md`

```text

```

## verification 4

Command: `grep -q 'Task selection rules' research/benchmark-task-suite.md`

```text

```
