# Palari CI Evidence

- Ticket: POS-0063
- Base ref: local working tree
- Created: 2026-06-15T11:34:19Z

## scope-check

```text
scope-check: ok for POS-0063 (18 changed path(s))
```

## lint

```text
report-lint: ok for POS-0063
lint: ok for POS-0063
```

## verification 1

Command: `./bin/palari human lint`

```text
human lint: ok
```

## verification 2

Command: `./tests/run-human-governance.sh`

```text
human-governance: ok
```

## verification 3

Command: `./tests/run-human-governance-load.sh`

```text
human-governance-load: ok
```

## verification 4

Command: `./tests/run-workflow-planning.sh`

```text
workflow-planning: ok
```
