# Palari CI Evidence

- Ticket: POS-0059
- Base ref: ticket/POS-0058
- Created: 2026-06-15T05:17:24Z

## scope-check

```text
scope-check: ok for POS-0059 (0 changed path(s))
```

## lint

```text
report-lint: ok for POS-0059
lint: ok for POS-0059
```

## verification 1

Command: `shfmt -d lib/palari/burden.bash`

```text

```

## verification 2

Command: `bash -n lib/palari/burden.bash`

```text

```

## verification 3

Command: `./tests/run-human-governance-load.sh`

```text
human-governance-load: ok
```

## verification 4

Command: `./bin/palari lint POS-0059`

```text
report-lint: ok for POS-0059
lint: ok for POS-0059
```
