# Palari CI Evidence

- Ticket: PLN-0001
- Base ref: ticket/HGL-0001
- Created: 2026-06-14T23:09:45Z

## scope-check

```text
scope-check: ok for PLN-0001 (12 changed path(s))
```

## lint

```text
report-lint: ok for PLN-0001
lint: ok for PLN-0001
```

## verification 1

Command: `./tests/run-workflow-planning.sh`

```text
workflow-planning: ok
```

## verification 2

Command: `./tests/run-queue-dry-run.sh`

```text
queue-dry-run: ok
```

## verification 3

Command: `./tests/run-human-governance-load.sh`

```text
human-governance-load: ok
```
