# Palari CI Evidence

- Ticket: POS-0022
- Base ref: origin/main
- Created: 2026-06-09T12:57:50Z

## scope-check

```text
scope-check: ok for POS-0022 (0 changed path(s))
```

## lint

```text
report-lint: ok for POS-0022
lint: ok for POS-0022
```

## verification 1

Command: `test -f research/pilot-scoring-rubric.md`

```text

```

## verification 2

Command: `test -f research/pilot-data-capture-template.md`

```text

```

## verification 3

Command: `grep -q 'Out-of-scope edits' research/pilot-scoring-rubric.md`

```text

```

## verification 4

Command: `grep -q 'Review time' research/pilot-data-capture-template.md`

```text

```
