# Palari CI Evidence

- Ticket: POS-0070
- Base ref: local working tree
- Created: 2026-06-15T12:55:41Z

## scope-check

```text
scope-check: ok for POS-0070 (16 changed path(s))
```

## lint

```text
report-lint: ok for POS-0070
lint: ok for POS-0070
```

## verification 1

Command: `./tests/run-broker-mock.sh`

```text
broker-mock: ok
```

## verification 2

Command: `./bin/palari broker status`

```text
Broker status
mode: mock-only
real_side_effects_enabled: false
credentials_available_to_agents: false
network_or_hosted_api_access: false
note: broker run requires --mock and records evidence under reports/evidence/TICKET/broker/.
```
