# Palari CI Evidence

- Ticket: POS-0060
- Base ref: local working tree
- Created: 2026-06-15T11:08:31Z

## scope-check

```text
scope-check: ok for POS-0060 (15 changed path(s))
```

## lint

```text
report-lint: ok for POS-0060
lint: ok for POS-0060
```

## verification 1

Command: `./bin/palari human lint`

```text
human lint: ok
```

## verification 2

Command: `./tests/run-company-os-demo.sh`

```text
company-os-demo: ok
```

## verification 3

Command: `./tests/run-human-governance-load.sh`

```text
human-governance-load: ok
```

## verification 4

Command: `./tests/run-human-governance.sh`

```text
human-governance: ok
```

## verification 5

Command: `./tests/run-workflow-planning.sh`

```text
workflow-planning: ok
```
