# Palari CI Evidence

- Ticket: POS-0066
- Base ref: local working tree
- Created: 2026-06-15T12:21:02Z

## scope-check

```text
scope-check: ok for POS-0066 (21 changed path(s))
```

## lint

```text
report-lint: ok for POS-0066
lint: ok for POS-0066
```

## verification 1

Command: `./tests/run-risks.sh`

```text
lint: tickets/open/RSK-0003-r5-accept-gate.md: warning: no serves_goal link; pass --goal GOAL-ID so the queue runner can prioritize it
risks: ok
```

## verification 2

Command: `./tests/run-secure-doctor.sh`

```text
secure-doctor: ok
```

## verification 3

Command: `./tests/run-gate-kernel.sh`

```text
...........................
----------------------------------------------------------------------
Ran 27 tests in 0.097s

OK
run-gate-kernel: ok
```
