# Palari CI Evidence

- Ticket: POS-0016
- Base ref: origin/main
- Created: 2026-06-07T09:22:59Z

## scope-check

```text
scope-check: ok for POS-0016 (0 changed path(s))
```

## lint

```text
report-lint: ok for POS-0016
lint: ok for POS-0016
```

## verification 1

Command: `tests/run-cli-structure.sh`

```text
cli-structure: ok
```

## verification 2

Command: `tests/run-golden.sh`

```text
Preparing worktree (new branch 'ticket/POS-0001')
Preparing worktree (new branch 'ticket/APP-0001')
golden: ok
```

## verification 3

Command: `tests/run-adoption.sh`

```text
adoption: ok
```

## verification 4

Command: `shellcheck -x bin/palari scripts/palari tests/run-cli-structure.sh tests/run-adoption.sh tests/run-proposals.sh tests/run-agent-wrapper.sh tests/run-golden.sh tests/run-memory.sh`

```text

```

## verification 5

Command: `shfmt -d bin/palari scripts/palari lib/palari/*.bash tests/run-cli-structure.sh`

```text

```
