# Palari CI Evidence

- Ticket: POS-0019
- Base ref: origin/main
- Created: 2026-06-09T12:28:40Z

## scope-check

```text
scope-check: ok for POS-0019 (0 changed path(s))
```

## lint

```text
report-lint: ok for POS-0019
lint: ok for POS-0019
```

## verification 1

Command: `test -f research/agent-governance-study-protocol.md`

```text

```

## verification 2

Command: `grep -q 'Safety metrics' research/agent-governance-study-protocol.md`

```text

```

## verification 3

Command: `grep -q 'Performance metrics' research/agent-governance-study-protocol.md`

```text

```
