# Palari CI Evidence

- Ticket: POS-0024
- Base ref: origin/main
- Created: 2026-06-09T13:09:40Z

## scope-check

```text
scope-check: ok for POS-0024 (46 changed path(s))
```

## lint

```text
report-lint: ok for POS-0024
lint: ok for POS-0024
```

## verification 1

Command: `test -f roles/active/ROLE-RESEARCH-LEAD.md`

```text

```

## verification 2

Command: `test -f roles/active/ROLE-RESEARCH-EVALUATOR.md`

```text

```

## verification 3

Command: `test -f roles/active/ROLE-SAFETY-REVIEWER.md`

```text

```

## verification 4

Command: `./bin/palari role lint`

```text
role lint: ok
```
